[debug] [2026-05-23T18:53:36.006Z] ----------------------------------------------------------------------
[debug] [2026-05-23T18:53:36.009Z] Command:       C:\Program Files\nodejs\node.exe C:\Users\Gowtham A\AppData\Roaming\npm\node_modules\firebase-tools\lib\bin\firebase.js deploy --only hosting
[debug] [2026-05-23T18:53:36.009Z] CLI Version:   15.18.0
[debug] [2026-05-23T18:53:36.009Z] Platform:      win32
[debug] [2026-05-23T18:53:36.010Z] Node Version:  v22.14.0
[debug] [2026-05-23T18:53:36.010Z] Time:          Sun May 24 2026 00:23:36 GMT+0530 (India Standard Time)
[debug] [2026-05-23T18:53:36.010Z] ----------------------------------------------------------------------
[debug] 
[debug] [2026-05-23T18:53:38.419Z] > command requires scopes: ["email","openid","https://www.googleapis.com/auth/cloudplatformprojects.readonly","https://www.googleapis.com/auth/firebase","https://www.googleapis.com/auth/cloud-platform"]
[debug] [2026-05-23T18:53:38.419Z] > authorizing via signed-in user (gowthamcyber77@gmail.com)
[debug] [2026-05-23T18:53:38.419Z] [iam] checking project vani-enterprises for permissions ["firebase.projects.get","firebasehosting.sites.update"]
[debug] [2026-05-23T18:53:38.420Z] Checked if tokens are valid: true, expires at: 1779565983683
[debug] [2026-05-23T18:53:38.421Z] Checked if tokens are valid: true, expires at: 1779565983683
[debug] [2026-05-23T18:53:38.422Z] >>> [apiv2][query] POST https://cloudresourcemanager.googleapis.com/v1/projects/vani-enterprises:testIamPermissions [none]
[debug] [2026-05-23T18:53:38.422Z] >>> [apiv2][(partial)header] POST https://cloudresourcemanager.googleapis.com/v1/projects/vani-enterprises:testIamPermissions  x-goog-user-project=vani-enterprises
[debug] [2026-05-23T18:53:38.422Z] >>> [apiv2][body] POST https://cloudresourcemanager.googleapis.com/v1/projects/vani-enterprises:testIamPermissions {"permissions":["firebase.projects.get","firebasehosting.sites.update"]}
[debug] [2026-05-23T18:53:40.275Z] <<< [apiv2][status] POST https://cloudresourcemanager.googleapis.com/v1/projects/vani-enterprises:testIamPermissions 200
[debug] [2026-05-23T18:53:40.276Z] <<< [apiv2][body] POST https://cloudresourcemanager.googleapis.com/v1/projects/vani-enterprises:testIamPermissions {"permissions":["firebase.projects.get","firebasehosting.sites.update"]}
[debug] [2026-05-23T18:53:40.276Z] Checked if tokens are valid: true, expires at: 1779565983683
[debug] [2026-05-23T18:53:40.276Z] Checked if tokens are valid: true, expires at: 1779565983683
[debug] [2026-05-23T18:53:40.277Z] >>> [apiv2][query] GET https://firebase.googleapis.com/v1beta1/projects/vani-enterprises [none]
[debug] [2026-05-23T18:53:40.620Z] <<< [apiv2][status] GET https://firebase.googleapis.com/v1beta1/projects/vani-enterprises 200
[debug] [2026-05-23T18:53:40.621Z] <<< [apiv2][body] GET https://firebase.googleapis.com/v1beta1/projects/vani-enterprises {"projectId":"vani-enterprises","projectNumber":"300158209961","displayName":"vani-enterprises","name":"projects/vani-enterprises","resources":{"hostingSite":"vani-enterprises"},"state":"ACTIVE","etag":"1_9a297c6c-6463-4b1a-87ad-a47f7c428e63"}
[debug] [2026-05-23T18:53:43.301Z] Checked if tokens are valid: true, expires at: 1779565983683
[debug] [2026-05-23T18:53:43.301Z] Checked if tokens are valid: true, expires at: 1779565983683
[debug] [2026-05-23T18:53:43.301Z] >>> [apiv2][query] GET https://firebasehosting.googleapis.com/v1beta1/projects/vani-enterprises/sites pageToken=&pageSize=10
[debug] [2026-05-23T18:53:44.675Z] <<< [apiv2][status] GET https://firebasehosting.googleapis.com/v1beta1/projects/vani-enterprises/sites 200
[debug] [2026-05-23T18:53:44.675Z] <<< [apiv2][body] GET https://firebasehosting.googleapis.com/v1beta1/projects/vani-enterprises/sites {"sites":[{"name":"projects/vani-enterprises/sites/vani-enterprises","defaultUrl":"https://vani-enterprises.web.app","type":"DEFAULT_SITE"}]}
[debug] [2026-05-23T18:53:44.676Z] Checked if tokens are valid: true, expires at: 1779565983683
[debug] [2026-05-23T18:53:44.676Z] Checked if tokens are valid: true, expires at: 1779565983683
[debug] [2026-05-23T18:53:44.676Z] >>> [apiv2][query] GET https://firebasehosting.googleapis.com/v1beta1/projects/vani-enterprises/sites 
[debug] [2026-05-23T18:53:45.513Z] <<< [apiv2][status] GET https://firebasehosting.googleapis.com/v1beta1/projects/vani-enterprises/sites 200
[debug] [2026-05-23T18:53:45.513Z] <<< [apiv2][body] GET https://firebasehosting.googleapis.com/v1beta1/projects/vani-enterprises/sites {"sites":[{"name":"projects/vani-enterprises/sites/vani-enterprises","defaultUrl":"https://vani-enterprises.web.app","type":"DEFAULT_SITE"}]}
[debug] [2026-05-23T18:53:45.513Z] Checked if tokens are valid: true, expires at: 1779565983683
[debug] [2026-05-23T18:53:45.513Z] Checked if tokens are valid: true, expires at: 1779565983683
[debug] [2026-05-23T18:53:45.513Z] >>> [apiv2][query] GET https://firebase.googleapis.com/v1beta1/projects/vani-enterprises/webApps/-/config [none]
[debug] [2026-05-23T18:53:47.004Z] <<< [apiv2][status] GET https://firebase.googleapis.com/v1beta1/projects/vani-enterprises/webApps/-/config 200
[debug] [2026-05-23T18:53:47.005Z] <<< [apiv2][body] GET https://firebase.googleapis.com/v1beta1/projects/vani-enterprises/webApps/-/config {"projectId":"vani-enterprises","appId":"1:300158209961:web:91cd108ba432440f927eb8","storageBucket":"vani-enterprises.firebasestorage.app","apiKey":"AIzaSyAfw-RqfNHZWuni-1XaSe9sbY_wVZUBSMI","authDomain":"vani-enterprises.firebaseapp.com","messagingSenderId":"300158209961","projectNumber":"300158209961","version":"2"}
[info] 
   Thank you for trying our early preview of Next.js support on Firebase Hosting.
   During the preview, support is best-effort and breaking changes can be expected. Proceed with caution.

   Documentation: https://firebase.google.com/docs/hosting/frameworks/nextjs
   File a bug: https://github.com/firebase/firebase-tools/issues/new?template=bug_report.md
   Submit a feature request: https://github.com/firebase/firebase-tools/issues/new?template=feature_request.md

   We'd love to learn from you. Express your interest in helping us shape the future of Firebase Hosting: https://goo.gle/41enW5X

[debug] [2026-05-23T18:53:53.558Z] Checked if tokens are valid: true, expires at: 1779565983683
[debug] [2026-05-23T18:53:53.559Z] Checked if tokens are valid: true, expires at: 1779565983683
[debug] [2026-05-23T18:53:53.559Z] >>> [apiv2][query] GET https://firebasehosting.googleapis.com/v1beta1/projects/vani-enterprises/sites/vani-enterprises [none]
[debug] [2026-05-23T18:53:54.876Z] <<< [apiv2][status] GET https://firebasehosting.googleapis.com/v1beta1/projects/vani-enterprises/sites/vani-enterprises 200
[debug] [2026-05-23T18:53:54.877Z] <<< [apiv2][body] GET https://firebasehosting.googleapis.com/v1beta1/projects/vani-enterprises/sites/vani-enterprises {"name":"projects/vani-enterprises/sites/vani-enterprises","defaultUrl":"https://vani-enterprises.web.app","type":"DEFAULT_SITE"}
[info]   ▲ Next.js 14.2.5

[info]   - Environments: .env.local
  - Experiments (use with caution):
    · optimizeCss


[info]    Creating an optimized production build ...

[info]  ✓ Compiled successfully

[info]    Linting and checking validity of types ...

[info]    Collecting page data ...

[info]    Generating static pages (0/27) ...

[info]    Generating static pages (6/27) 

[info]    Generating static pages (13/27) 

[info]    Generating static pages (20/27) 

[info] 
Error occurred prerendering page "/500". Read more: https://nextjs.org/docs/messages/prerender-error

Error: Cannot find module 'critters'
Require stack:
- D:\vani enterpise\node_modules\next\dist\compiled\next-server\pages.runtime.prod.js
- D:\vani enterpise\.next\server\pages\_document.js
- D:\vani enterpise\node_modules\next\dist\server\require.js
- D:\vani enterpise\node_modules\next\dist\server\load-components.js
- D:\vani enterpise\node_modules\next\dist\build\utils.js
- D:\vani enterpise\node_modules\next\dist\build\worker.js
- D:\vani enterpise\node_modules\next\dist\compiled\jest-worker\processChild.js
    at Function.<anonymous> (node:internal/modules/cjs/loader:1225:15)
    at D:\vani enterpise\node_modules\next\dist\server\require-hook.js:55:36
    at Function._load (node:internal/modules/cjs/loader:1055:27)
    at TracingChannel.traceSync (node:diagnostics_channel:322:14)
    at wrapModuleLoad (node:internal/modules/cjs/loader:220:24)
    at Module.<anonymous> (node:internal/modules/cjs/loader:1311:12)
    at mod.require (D:\vani enterpise\node_modules\next\dist\server\require-hook.js:65:28)
    at require (node:internal/modules/helpers:136:16)
    at Object.critters (D:\vani enterpise\node_modules\next\dist\compiled\next-server\pages.runtime.prod.js:14:17944)
    at r (D:\vani enterpise\node_modules\next\dist\compiled\next-server\pages.runtime.prod.js:14:18468)

[info] 
Error occurred prerendering page "/404". Read more: https://nextjs.org/docs/messages/prerender-error

Error: Cannot find module 'critters'
Require stack:
- D:\vani enterpise\node_modules\next\dist\compiled\next-server\pages.runtime.prod.js
- D:\vani enterpise\.next\server\pages\_document.js
- D:\vani enterpise\node_modules\next\dist\server\require.js
- D:\vani enterpise\node_modules\next\dist\server\load-components.js
- D:\vani enterpise\node_modules\next\dist\build\utils.js
- D:\vani enterpise\node_modules\next\dist\build\worker.js
- D:\vani enterpise\node_modules\next\dist\compiled\jest-worker\processChild.js
    at Function.<anonymous> (node:internal/modules/cjs/loader:1225:15)
    at D:\vani enterpise\node_modules\next\dist\server\require-hook.js:55:36
    at Function._load (node:internal/modules/cjs/loader:1055:27)
    at TracingChannel.traceSync (node:diagnostics_channel:322:14)
    at wrapModuleLoad (node:internal/modules/cjs/loader:220:24)
    at Module.<anonymous> (node:internal/modules/cjs/loader:1311:12)
    at mod.require (D:\vani enterpise\node_modules\next\dist\server\require-hook.js:65:28)
    at require (node:internal/modules/helpers:136:16)
    at Object.critters (D:\vani enterpise\node_modules\next\dist\compiled\next-server\pages.runtime.prod.js:14:17944)
    at r (D:\vani enterpise\node_modules\next\dist\compiled\next-server\pages.runtime.prod.js:14:18468)

[info]  ✓ Generating static pages (27/27)

[info] 

[info] > Export encountered errors on following paths:
	/_error: /404
	/_error: /500

[debug] [2026-05-23T18:54:29.058Z] Error: ENOENT: no such file or directory, open 'D:\vani enterpise\.next\export-marker.json'
[error] 
[error] Error: An unexpected error has occurred.
